[2m2026-08-28T16:09:00.478252Z[0m [33m WARN[0m [2mshanshui_cunji::config::model[0m[2m:[0m 配置文件 config.toml 不存在，使用默认配置

═══ shanshui-cunji 0.2.1 功能冒烟测试（scale=50000000）═══

[2m2026-08-28T16:09:00.492794Z[0m [32m INFO[0m [2mshanshui_cunji::column_family[0m[2m:[0m 列族 [primary] 加载 0 个 SST，下一个 id=1
[2m2026-08-28T16:09:00.493766Z[0m [32m INFO[0m [2mshanshui_cunji::inverted[0m[2m:[0m 倒排索引打开: 0 个段，下一个 id=1
[2m2026-08-28T16:09:00.493781Z[0m [32m INFO[0m [2mshanshui_cunji::inverted[0m[2m:[0m FST 字典加载: 0/0 段
[2m2026-08-28T16:09:00.494727Z[0m [32m INFO[0m [2mshanshui_cunji::column_family[0m[2m:[0m 列族 [cidx] 加载 0 个 SST，下一个 id=1
[2m2026-08-28T16:09:00.495843Z[0m [32m INFO[0m [2mshanshui_cunji::column_family[0m[2m:[0m 列族 [delta] 加载 0 个 SST，下一个 id=1
[2m2026-08-28T16:09:02.545529Z[0m [32m INFO[0m [2mshanshui_cunji::inverted[0m[2m:[0m 倒排刷盘完成: inverted-00000001.seg
[2m2026-08-28T16:09:04.598328Z[0m [32m INFO[0m [2mshanshui_cunji::inverted[0m[2m:[0m 倒排刷盘完成: inverted-00000002.seg
[2m2026-08-28T16:09:06.412317Z[0m [32m INFO[0m [2mshanshui_cunji::inverted[0m[2m:[0m 倒排刷盘完成: inverted-00000003.seg
[2m2026-08-28T16:09:08.742981Z[0m [32m INFO[0m [2mshanshui_cunji::inverted[0m[2m:[0m 倒排刷盘完成: inverted-00000004.seg
[2m2026-08-28T16:09:12.154617Z[0m [32m INFO[0m [2mshanshui_cunji::column_family[0m[2m:[0m 列族 [primary] 刷盘完成: sst-00000001.sst (4009718 条)
[2m2026-08-28T16:09:14.503774Z[0m [32m INFO[0m [2mshanshui_cunji::inverted[0m[2m:[0m 倒排刷盘完成: inverted-00000005.seg
[2m2026-08-28T16:09:16.859011Z[0m [32m INFO[0m [2mshanshui_cunji::inverted[0m[2m:[0m 倒排刷盘完成: inverted-00000006.seg
[2m2026-08-28T16:09:19.194440Z[0m [32m INFO[0m [2mshanshui_cunji::inverted[0m[2m:[0m 倒排刷盘完成: inverted-00000007.seg
[2m2026-08-28T16:09:22.172961Z[0m [32m INFO[0m [2mshanshui_cunji::inverted[0m[2m:[0m 倒排刷盘完成: inverted-00000008.seg
[2m2026-08-28T16:09:25.674950Z[0m [32m INFO[0m [2mshanshui_cunji::column_family[0m[2m:[0m 列族 [primary] 刷盘完成: sst-00000002.sst (3993189 条)
[2m2026-08-28T16:09:28.273429Z[0m [32m INFO[0m [2mshanshui_cunji::inverted[0m[2m:[0m 倒排刷盘完成: inverted-00000009.seg
[2m2026-08-28T16:09:30.360723Z[0m [32m INFO[0m [2mshanshui_cunji::inverted[0m[2m:[0m 倒排刷盘完成: inverted-00000010.seg
[2m2026-08-28T16:09:32.726916Z[0m [32m INFO[0m [2mshanshui_cunji::inverted[0m[2m:[0m 倒排刷盘完成: inverted-00000011.seg
[2m2026-08-28T16:09:38.235793Z[0m [32m INFO[0m [2mshanshui_cunji::column_family[0m[2m:[0m 列族 [primary] 刷盘完成: sst-00000003.sst (3963931 条)
[2m2026-08-28T16:09:38.599839Z[0m [32m INFO[0m [2mshanshui_cunji::inverted[0m[2m:[0m 倒排刷盘完成: inverted-00000012.seg
[2m2026-08-28T16:09:40.976127Z[0m [32m INFO[0m [2mshanshui_cunji::inverted[0m[2m:[0m 倒排刷盘完成: inverted-00000013.seg
[2m2026-08-28T16:09:43.086695Z[0m [32m INFO[0m [2mshanshui_cunji::inverted[0m[2m:[0m 倒排刷盘完成: inverted-00000014.seg
[2m2026-08-28T16:09:45.867823Z[0m [32m INFO[0m [2mshanshui_cunji::inverted[0m[2m:[0m 倒排刷盘完成: inverted-00000015.seg
[2m2026-08-28T16:09:51.591996Z[0m [32m INFO[0m [2mshanshui_cunji::column_family[0m[2m:[0m 列族 [primary] 刷盘完成: sst-00000004.sst (3934658 条)
[2m2026-08-28T16:09:52.104333Z[0m [32m INFO[0m [2mshanshui_cunji::inverted[0m[2m:[0m 倒排刷盘完成: inverted-00000016.seg
[2m2026-08-28T16:09:54.169852Z[0m [32m INFO[0m [2mshanshui_cunji::inverted[0m[2m:[0m 倒排刷盘完成: inverted-00000017.seg
[2m2026-08-28T16:09:56.243546Z[0m [32m INFO[0m [2mshanshui_cunji::inverted[0m[2m:[0m 倒排刷盘完成: inverted-00000018.seg
[2m2026-08-28T16:09:58.448348Z[0m [32m INFO[0m [2mshanshui_cunji::inverted[0m[2m:[0m 倒排刷盘完成: inverted-00000019.seg
[2m2026-08-28T16:10:03.464449Z[0m [32m INFO[0m [2mshanshui_cunji::column_family[0m[2m:[0m 列族 [primary] 刷盘完成: sst-00000005.sst (3934658 条)
[2m2026-08-28T16:10:04.017913Z[0m [32m INFO[0m [2mshanshui_cunji::inverted[0m[2m:[0m 倒排刷盘完成: inverted-00000020.seg
[2m2026-08-28T16:10:06.266864Z[0m [32m INFO[0m [2mshanshui_cunji::inverted[0m[2m:[0m 倒排刷盘完成: inverted-00000021.seg
[2m2026-08-28T16:10:08.109968Z[0m [32m INFO[0m [2mshanshui_cunji::inverted[0m[2m:[0m 倒排刷盘完成: inverted-00000022.seg
[2m2026-08-28T16:10:10.014489Z[0m [32m INFO[0m [2mshanshui_cunji::inverted[0m[2m:[0m 倒排刷盘完成: inverted-00000023.seg
[2m2026-08-28T16:10:14.566735Z[0m [32m INFO[0m [2mshanshui_cunji::column_family[0m[2m:[0m 列族 [primary] 刷盘完成: sst-00000006.sst (3934658 条)
[2m2026-08-28T16:10:15.384845Z[0m [32m INFO[0m [2mshanshui_cunji::inverted[0m[2m:[0m 倒排刷盘完成: inverted-00000024.seg
[2m2026-08-28T16:10:17.267699Z[0m [32m INFO[0m [2mshanshui_cunji::inverted[0m[2m:[0m 倒排刷盘完成: inverted-00000025.seg
[2m2026-08-28T16:10:19.313867Z[0m [32m INFO[0m [2mshanshui_cunji::inverted[0m[2m:[0m 倒排刷盘完成: inverted-00000026.seg
[2m2026-08-28T16:10:21.908184Z[0m [32m INFO[0m [2mshanshui_cunji::inverted[0m[2m:[0m 倒排刷盘完成: inverted-00000027.seg
[2m2026-08-28T16:10:27.219875Z[0m [32m INFO[0m [2mshanshui_cunji::column_family[0m[2m:[0m 列族 [primary] 刷盘完成: sst-00000007.sst (3934658 条)
[2m2026-08-28T16:10:28.000184Z[0m [32m INFO[0m [2mshanshui_cunji::inverted[0m[2m:[0m 倒排刷盘完成: inverted-00000028.seg
[2m2026-08-28T16:10:30.119237Z[0m [32m INFO[0m [2mshanshui_cunji::inverted[0m[2m:[0m 倒排刷盘完成: inverted-00000029.seg
[2m2026-08-28T16:10:34.393900Z[0m [32m INFO[0m [2mshanshui_cunji::inverted[0m[2m:[0m 倒排刷盘完成: inverted-00000030.seg
[2m2026-08-28T16:10:36.780565Z[0m [32m INFO[0m [2mshanshui_cunji::inverted[0m[2m:[0m 倒排刷盘完成: inverted-00000031.seg
[2m2026-08-28T16:10:41.475831Z[0m [32m INFO[0m [2mshanshui_cunji::column_family[0m[2m:[0m 列族 [primary] 刷盘完成: sst-00000008.sst (3934658 条)
[2m2026-08-28T16:10:42.600515Z[0m [32m INFO[0m [2mshanshui_cunji::inverted[0m[2m:[0m 倒排刷盘完成: inverted-00000032.seg
[2m2026-08-28T16:10:44.748706Z[0m [32m INFO[0m [2mshanshui_cunji::inverted[0m[2m:[0m 倒排刷盘完成: inverted-00000033.seg
[2m2026-08-28T16:10:46.818119Z[0m [32m INFO[0m [2mshanshui_cunji::inverted[0m[2m:[0m 倒排刷盘完成: inverted-00000034.seg
[2m2026-08-28T16:10:48.915099Z[0m [32m INFO[0m [2mshanshui_cunji::inverted[0m[2m:[0m 倒排刷盘完成: inverted-00000035.seg
[2m2026-08-28T16:10:53.949541Z[0m [32m INFO[0m [2mshanshui_cunji::column_family[0m[2m:[0m 列族 [primary] 刷盘完成: sst-00000009.sst (3934658 条)
[2m2026-08-28T16:10:55.334262Z[0m [32m INFO[0m [2mshanshui_cunji::inverted[0m[2m:[0m 倒排刷盘完成: inverted-00000036.seg
[2m2026-08-28T16:10:57.432667Z[0m [32m INFO[0m [2mshanshui_cunji::inverted[0m[2m:[0m 倒排刷盘完成: inverted-00000037.seg
[2m2026-08-28T16:10:59.585803Z[0m [32m INFO[0m [2mshanshui_cunji::inverted[0m[2m:[0m 倒排刷盘完成: inverted-00000038.seg
[2m2026-08-28T16:11:02.188906Z[0m [32m INFO[0m [2mshanshui_cunji::inverted[0m[2m:[0m 倒排刷盘完成: inverted-00000039.seg
[2m2026-08-28T16:11:06.999156Z[0m [32m INFO[0m [2mshanshui_cunji::column_family[0m[2m:[0m 列族 [primary] 刷盘完成: sst-00000010.sst (3934658 条)
[2m2026-08-28T16:11:08.180755Z[0m [32m INFO[0m [2mshanshui_cunji::inverted[0m[2m:[0m 倒排刷盘完成: inverted-00000040.seg
[2m2026-08-28T16:11:10.654388Z[0m [32m INFO[0m [2mshanshui_cunji::inverted[0m[2m:[0m 倒排刷盘完成: inverted-00000041.seg
[2m2026-08-28T16:11:13.094727Z[0m [32m INFO[0m [2mshanshui_cunji::inverted[0m[2m:[0m 倒排刷盘完成: inverted-00000042.seg
[2m2026-08-28T16:11:15.472661Z[0m [32m INFO[0m [2mshanshui_cunji::inverted[0m[2m:[0m 倒排刷盘完成: inverted-00000043.seg
[2m2026-08-28T16:11:20.055075Z[0m [32m INFO[0m [2mshanshui_cunji::column_family[0m[2m:[0m 列族 [primary] 刷盘完成: sst-00000011.sst (3934658 条)
[2m2026-08-28T16:11:21.755069Z[0m [32m INFO[0m [2mshanshui_cunji::inverted[0m[2m:[0m 倒排刷盘完成: inverted-00000044.seg
[2m2026-08-28T16:11:24.657576Z[0m [32m INFO[0m [2mshanshui_cunji::inverted[0m[2m:[0m 倒排刷盘完成: inverted-00000045.seg
[2m2026-08-28T16:11:26.698950Z[0m [32m INFO[0m [2mshanshui_cunji::inverted[0m[2m:[0m 倒排刷盘完成: inverted-00000046.seg
[2m2026-08-28T16:11:29.026351Z[0m [32m INFO[0m [2mshanshui_cunji::inverted[0m[2m:[0m 倒排刷盘完成: inverted-00000047.seg
[2m2026-08-28T16:11:33.663704Z[0m [32m INFO[0m [2mshanshui_cunji::column_family[0m[2m:[0m 列族 [primary] 刷盘完成: sst-00000012.sst (3934658 条)
[2m2026-08-28T16:11:35.372133Z[0m [32m INFO[0m [2mshanshui_cunji::inverted[0m[2m:[0m 倒排刷盘完成: inverted-00000048.seg
[2m2026-08-28T16:11:37.422336Z[0m [32m INFO[0m [2mshanshui_cunji::inverted[0m[2m:[0m 倒排刷盘完成: inverted-00000049.seg
[2m2026-08-28T16:11:39.450722Z[0m [32m INFO[0m [2mshanshui_cunji::inverted[0m[2m:[0m 倒排刷盘完成: inverted-00000050.seg
[2m2026-08-28T16:11:44.138954Z[0m [32m INFO[0m [2mshanshui_cunji::column_family[0m[2m:[0m 列族 [cidx-demo] 加载 0 个 SST，下一个 id=1
[2m2026-08-28T16:11:47.229181Z[0m [32m INFO[0m [2mshanshui_cunji::column_family[0m[2m:[0m 列族 [primary] 加载 0 个 SST，下一个 id=1
[2m2026-08-28T16:11:47.230222Z[0m [32m INFO[0m [2mshanshui_cunji::inverted[0m[2m:[0m 倒排索引打开: 0 个段，下一个 id=1
[2m2026-08-28T16:11:47.230238Z[0m [32m INFO[0m [2mshanshui_cunji::inverted[0m[2m:[0m FST 字典加载: 0/0 段
[2m2026-08-28T16:11:47.230530Z[0m [32m INFO[0m [2mshanshui_cunji::column_family[0m[2m:[0m 列族 [cidx] 加载 0 个 SST，下一个 id=1
[2m2026-08-28T16:11:47.231624Z[0m [32m INFO[0m [2mshanshui_cunji::column_family[0m[2m:[0m 列族 [delta] 加载 0 个 SST，下一个 id=1
[2m2026-08-28T16:11:47.236292Z[0m [32m INFO[0m [2mshanshui_cunji::column_family[0m[2m:[0m 列族 [primary] 加载 0 个 SST，下一个 id=1
[2m2026-08-28T16:11:47.237228Z[0m [32m INFO[0m [2mshanshui_cunji::inverted[0m[2m:[0m 倒排索引打开: 0 个段，下一个 id=1
[2m2026-08-28T16:11:47.237241Z[0m [32m INFO[0m [2mshanshui_cunji::inverted[0m[2m:[0m FST 字典加载: 0/0 段
[2m2026-08-28T16:11:47.237716Z[0m [32m INFO[0m [2mshanshui_cunji::column_family[0m[2m:[0m 列族 [cidx] 加载 0 个 SST，下一个 id=1
[2m2026-08-28T16:11:47.238909Z[0m [32m INFO[0m [2mshanshui_cunji::column_family[0m[2m:[0m 列族 [delta] 加载 0 个 SST，下一个 id=1
[2m2026-08-28T16:11:47.243467Z[0m [32m INFO[0m [2mshanshui_cunji::column_family[0m[2m:[0m 列族 [primary] 加载 0 个 SST，下一个 id=1
[2m2026-08-28T16:11:47.244291Z[0m [32m INFO[0m [2mshanshui_cunji::inverted[0m[2m:[0m 倒排索引打开: 0 个段，下一个 id=1
[2m2026-08-28T16:11:47.244305Z[0m [32m INFO[0m [2mshanshui_cunji::inverted[0m[2m:[0m FST 字典加载: 0/0 段
[2m2026-08-28T16:11:47.244855Z[0m [32m INFO[0m [2mshanshui_cunji::column_family[0m[2m:[0m 列族 [cidx] 加载 0 个 SST，下一个 id=1
[2m2026-08-28T16:11:47.245805Z[0m [32m INFO[0m [2mshanshui_cunji::column_family[0m[2m:[0m 列族 [delta] 加载 0 个 SST，下一个 id=1
[2m2026-08-28T16:11:47.250738Z[0m [32m INFO[0m [2mshanshui_cunji::column_family[0m[2m:[0m 列族 [primary] 加载 0 个 SST，下一个 id=1
[2m2026-08-28T16:11:47.251667Z[0m [32m INFO[0m [2mshanshui_cunji::inverted[0m[2m:[0m 倒排索引打开: 0 个段，下一个 id=1
[2m2026-08-28T16:11:47.251682Z[0m [32m INFO[0m [2mshanshui_cunji::inverted[0m[2m:[0m FST 字典加载: 0/0 段
[2m2026-08-28T16:11:47.252179Z[0m [32m INFO[0m [2mshanshui_cunji::column_family[0m[2m:[0m 列族 [cidx] 加载 0 个 SST，下一个 id=1
[2m2026-08-28T16:11:47.253797Z[0m [32m INFO[0m [2mshanshui_cunji::column_family[0m[2m:[0m 列族 [delta] 加载 0 个 SST，下一个 id=1
[2m2026-08-28T16:12:31.709935Z[0m [32m INFO[0m [2mshanshui_cunji::column_family[0m[2m:[0m 列族 [primary] 刷盘完成: sst-00000001.sst (3917833 条)
[2m2026-08-28T16:12:38.716158Z[0m [32m INFO[0m [2mshanshui_cunji::column_family[0m[2m:[0m 列族 [primary] 刷盘完成: sst-00000001.sst (3975258 条)
[2m2026-08-28T16:12:42.214073Z[0m [32m INFO[0m [2mshanshui_cunji::column_family[0m[2m:[0m 列族 [primary] 刷盘完成: sst-00000001.sst (3975491 条)
[2m2026-08-28T16:12:47.156276Z[0m [32m INFO[0m [2mshanshui_cunji::column_family[0m[2m:[0m 列族 [primary] 刷盘完成: sst-00000001.sst (4034631 条)
[2m2026-08-28T16:13:37.680067Z[0m [32m INFO[0m [2mshanshui_cunji::column_family[0m[2m:[0m 列族 [primary] 刷盘完成: sst-00000002.sst (3877706 条)
[2m2026-08-28T16:13:46.326720Z[0m [32m INFO[0m [2mshanshui_cunji::column_family[0m[2m:[0m 列族 [primary] 刷盘完成: sst-00000002.sst (3934543 条)
[2m2026-08-28T16:13:50.683617Z[0m [32m INFO[0m [2mshanshui_cunji::column_family[0m[2m:[0m 列族 [primary] 刷盘完成: sst-00000002.sst (3934773 条)
[2m2026-08-28T16:13:56.796154Z[0m [32m INFO[0m [2mshanshui_cunji::column_family[0m[2m:[0m 列族 [primary] 刷盘完成: sst-00000002.sst (3993308 条)
[2m2026-08-28T16:14:44.549790Z[0m [32m INFO[0m [2mshanshui_cunji::column_family[0m[2m:[0m 列族 [primary] 刷盘完成: sst-00000003.sst (3877706 条)
[2m2026-08-28T16:14:49.427272Z[0m [32m INFO[0m [2mshanshui_cunji::column_family[0m[2m:[0m 列族 [primary] 刷盘完成: sst-00000003.sst (3934543 条)
[2m2026-08-28T16:14:52.721649Z[0m [32m INFO[0m [2mshanshui_cunji::column_family[0m[2m:[0m 列族 [primary] 刷盘完成: sst-00000003.sst (3934773 条)
[2m2026-08-28T16:14:58.132456Z[0m [32m INFO[0m [2mshanshui_cunji::column_family[0m[2m:[0m 列族 [primary] 刷盘完成: sst-00000003.sst (3993308 条)
[2m2026-08-28T16:17:04.141508Z[0m [32m INFO[0m [2mshanshui_cunji::column_family[0m[2m:[0m 列族 [primary] 刷盘完成: sst-00000013.sst (2621340 条)
[2m2026-08-28T16:17:40.846260Z[0m [32m INFO[0m [2mshanshui_cunji::column_family[0m[2m:[0m 列族 [primary] 加载 13 个 SST，下一个 id=14
[2m2026-08-28T16:20:13.609149Z[0m [32m INFO[0m [2mshanshui_cunji::column_family[0m[2m:[0m 列族 [primary] WAL 回放 50000100 条，seq 推进至 50000101
[2m2026-08-28T16:20:43.262388Z[0m [32m INFO[0m [2mshanshui_cunji::inverted[0m[2m:[0m 倒排索引打开: 50 个段，下一个 id=51
[2m2026-08-28T16:20:43.273294Z[0m [32m INFO[0m [2mshanshui_cunji::inverted[0m[2m:[0m FST 字典加载: 50/50 段
[2m2026-08-28T16:20:43.274327Z[0m [32m INFO[0m [2mshanshui_cunji::column_family[0m[2m:[0m 列族 [cidx] 加载 0 个 SST，下一个 id=1
[2m2026-08-28T16:20:43.275673Z[0m [32m INFO[0m [2mshanshui_cunji::column_family[0m[2m:[0m 列族 [delta] 加载 0 个 SST，下一个 id=1
功能               结果       耗时(ms)  说明
----------------------------------------------------------------------------------------------------
构造测试数据           ✅       6102.45  生成 50000000 条文档（status/city/amount 字段，city 写入倒排；流式生成 100000 条耗时 12 ms）
批量插入             ✅     163604.53  写入 50000000 / 50000000 条，163605 ms（305615 条/s；WAL 攒批 + 定期倒排刷盘）
查询 · 主键          ✅         34.85  100 次主键点查，命中 100，未命中 0（稀疏索引→布隆→Zone Map→块缓存）
查询 · HotCache    ✅          0.02  100 次重复查询，HotCache 命中 100 / 100（写后回填 + 读后回填）
查询 · 组合索引        ✅        162.76  status=active 前缀查询命中 100000 条（写入索引 100000 条）
查询 · 倒排词条        ✅       2926.61  city=beijing 命中 12500000 条（预期 12500000）；抽样回表 200000/200000 条验证
分片路由             ✅     313828.77  4 分片分布：shard0=12500000, shard1=12500000, shard2=12500000, shard3=12500000（合计 50000000）；分片点查命中 100/100
删除               ✅        175.07  删除 100 条并验证不可见（Tombstone 落盘 + HotCache 失效）：100/100
优化器路由            ✅          0.00  静态路由 5 类访问路径自检通过（主键点查/范围/组合索引/倒排/全扫）
备份 · 还原          ✅     222098.37  备份 50000000 条库 → 还原重开：未删可读 45/45（缺失 0），已删仍不可见 5/5，city=beijing 计数 12500000（预期 12500000）
----------------------------------------------------------------------------------------------------
总计：10/10 通过

📄 HTML 报告已生成: images\perf-0.3.0\5000万\report.html
