
═══ shanshui-cunji 0.6.0 功能冒烟测试（scale=20000000）═══

[2m2026-08-30T07:53:05.362276Z[0m [32m INFO[0m [2mshanshui_cunji::column_family[0m[2m:[0m 列族 [primary] 加载 0 个 SST，下一个 id=1
[2m2026-08-30T07:53:05.364297Z[0m [32m INFO[0m [2mshanshui_cunji::inverted[0m[2m:[0m 倒排索引打开: 0 个段，下一个 id=1
[2m2026-08-30T07:53:05.364335Z[0m [32m INFO[0m [2mshanshui_cunji::inverted[0m[2m:[0m FST 字典加载: 0/0 段
[2m2026-08-30T07:53:05.365337Z[0m [32m INFO[0m [2mshanshui_cunji::column_family[0m[2m:[0m 列族 [cidx] 加载 0 个 SST，下一个 id=1
[2m2026-08-30T07:53:05.366546Z[0m [32m INFO[0m [2mshanshui_cunji::column_family[0m[2m:[0m 列族 [delta] 加载 0 个 SST，下一个 id=1
[2m2026-08-30T07:53:09.506116Z[0m [32m INFO[0m [2mshanshui_cunji::inverted[0m[2m:[0m 倒排刷盘完成: inverted-00000001.seg
[2m2026-08-30T07:53:13.467162Z[0m [32m INFO[0m [2mshanshui_cunji::inverted[0m[2m:[0m 倒排刷盘完成: inverted-00000002.seg
[2m2026-08-30T07:53:17.781339Z[0m [32m INFO[0m [2mshanshui_cunji::inverted[0m[2m:[0m 倒排刷盘完成: inverted-00000003.seg
[2m2026-08-30T07:53:21.332189Z[0m [32m INFO[0m [2mshanshui_cunji::inverted[0m[2m:[0m 倒排刷盘完成: inverted-00000004.seg
[2m2026-08-30T07:53:24.893322Z[0m [32m INFO[0m [2mshanshui_cunji::inverted[0m[2m:[0m 倒排刷盘完成: inverted-00000005.seg
[2m2026-08-30T07:53:28.029087Z[0m [32m INFO[0m [2mshanshui_cunji::column_family[0m[2m:[0m 列族 [primary] 刷盘完成: sst-00000001.sst (1013975 条)
[2m2026-08-30T07:53:31.295633Z[0m [32m INFO[0m [2mshanshui_cunji::inverted[0m[2m:[0m 倒排刷盘完成: inverted-00000006.seg
[2m2026-08-30T07:53:34.575979Z[0m [32m INFO[0m [2mshanshui_cunji::inverted[0m[2m:[0m 倒排刷盘完成: inverted-00000007.seg
[2m2026-08-30T07:53:38.025803Z[0m [32m INFO[0m [2mshanshui_cunji::inverted[0m[2m:[0m 倒排刷盘完成: inverted-00000008.seg
[2m2026-08-30T07:53:41.382429Z[0m [32m INFO[0m [2mshanshui_cunji::inverted[0m[2m:[0m 倒排刷盘完成: inverted-00000009.seg
[2m2026-08-30T07:53:47.727647Z[0m [32m INFO[0m [2mshanshui_cunji::column_family[0m[2m:[0m 列族 [primary] 刷盘完成: sst-00000002.sst (1001538 条)
[2m2026-08-30T07:53:48.111020Z[0m [32m INFO[0m [2mshanshui_cunji::inverted[0m[2m:[0m 倒排刷盘完成: inverted-00000010.seg
[2m2026-08-30T07:53:51.591211Z[0m [32m INFO[0m [2mshanshui_cunji::inverted[0m[2m:[0m 倒排刷盘完成: inverted-00000011.seg
[2m2026-08-30T07:53:54.880975Z[0m [32m INFO[0m [2mshanshui_cunji::inverted[0m[2m:[0m 倒排刷盘完成: inverted-00000012.seg
[2m2026-08-30T07:53:58.284081Z[0m [32m INFO[0m [2mshanshui_cunji::inverted[0m[2m:[0m 倒排刷盘完成: inverted-00000013.seg
[2m2026-08-30T07:54:01.641898Z[0m [32m INFO[0m [2mshanshui_cunji::inverted[0m[2m:[0m 倒排刷盘完成: inverted-00000014.seg
[2m2026-08-30T07:54:07.552026Z[0m [32m INFO[0m [2mshanshui_cunji::column_family[0m[2m:[0m 列族 [primary] 刷盘完成: sst-00000003.sst (1001538 条)
[2m2026-08-30T07:54:08.049713Z[0m [32m INFO[0m [2mshanshui_cunji::inverted[0m[2m:[0m 倒排刷盘完成: inverted-00000015.seg
[2m2026-08-30T07:54:11.599769Z[0m [32m INFO[0m [2mshanshui_cunji::inverted[0m[2m:[0m 倒排刷盘完成: inverted-00000016.seg
[2m2026-08-30T07:54:14.875795Z[0m [32m INFO[0m [2mshanshui_cunji::inverted[0m[2m:[0m 倒排刷盘完成: inverted-00000017.seg
[2m2026-08-30T07:54:18.396397Z[0m [32m INFO[0m [2mshanshui_cunji::inverted[0m[2m:[0m 倒排刷盘完成: inverted-00000018.seg
[2m2026-08-30T07:54:22.515859Z[0m [32m INFO[0m [2mshanshui_cunji::inverted[0m[2m:[0m 倒排刷盘完成: inverted-00000019.seg
[2m2026-08-30T07:54:28.439186Z[0m [32m INFO[0m [2mshanshui_cunji::column_family[0m[2m:[0m 列族 [primary] 刷盘完成: sst-00000004.sst (1001538 条)
[2m2026-08-30T07:54:29.063095Z[0m [32m INFO[0m [2mshanshui_cunji::inverted[0m[2m:[0m 倒排刷盘完成: inverted-00000020.seg
[2m2026-08-30T07:54:32.388678Z[0m [32m INFO[0m [2mshanshui_cunji::inverted[0m[2m:[0m 倒排刷盘完成: inverted-00000021.seg
[2m2026-08-30T07:54:35.601251Z[0m [32m INFO[0m [2mshanshui_cunji::inverted[0m[2m:[0m 倒排刷盘完成: inverted-00000022.seg
[2m2026-08-30T07:54:38.917580Z[0m [32m INFO[0m [2mshanshui_cunji::inverted[0m[2m:[0m 倒排刷盘完成: inverted-00000023.seg
[2m2026-08-30T07:54:42.192069Z[0m [32m INFO[0m [2mshanshui_cunji::inverted[0m[2m:[0m 倒排刷盘完成: inverted-00000024.seg
[2m2026-08-30T07:54:47.911367Z[0m [32m INFO[0m [2mshanshui_cunji::column_family[0m[2m:[0m 列族 [primary] 刷盘完成: sst-00000005.sst (1001538 条)
[2m2026-08-30T07:54:48.597482Z[0m [32m INFO[0m [2mshanshui_cunji::inverted[0m[2m:[0m 倒排刷盘完成: inverted-00000025.seg
[2m2026-08-30T07:54:51.917475Z[0m [32m INFO[0m [2mshanshui_cunji::inverted[0m[2m:[0m 倒排刷盘完成: inverted-00000026.seg
[2m2026-08-30T07:54:55.244257Z[0m [32m INFO[0m [2mshanshui_cunji::inverted[0m[2m:[0m 倒排刷盘完成: inverted-00000027.seg
[2m2026-08-30T07:54:58.851559Z[0m [32m INFO[0m [2mshanshui_cunji::inverted[0m[2m:[0m 倒排刷盘完成: inverted-00000028.seg
[2m2026-08-30T07:55:02.836988Z[0m [32m INFO[0m [2mshanshui_cunji::inverted[0m[2m:[0m 倒排刷盘完成: inverted-00000029.seg
[2m2026-08-30T07:55:08.771067Z[0m [32m INFO[0m [2mshanshui_cunji::column_family[0m[2m:[0m 列族 [primary] 刷盘完成: sst-00000006.sst (1001538 条)
[2m2026-08-30T07:55:09.560236Z[0m [32m INFO[0m [2mshanshui_cunji::inverted[0m[2m:[0m 倒排刷盘完成: inverted-00000030.seg
[2m2026-08-30T07:55:12.824897Z[0m [32m INFO[0m [2mshanshui_cunji::inverted[0m[2m:[0m 倒排刷盘完成: inverted-00000031.seg
[2m2026-08-30T07:55:16.184579Z[0m [32m INFO[0m [2mshanshui_cunji::inverted[0m[2m:[0m 倒排刷盘完成: inverted-00000032.seg
[2m2026-08-30T07:55:19.586128Z[0m [32m INFO[0m [2mshanshui_cunji::inverted[0m[2m:[0m 倒排刷盘完成: inverted-00000033.seg
[2m2026-08-30T07:55:23.268327Z[0m [32m INFO[0m [2mshanshui_cunji::inverted[0m[2m:[0m 倒排刷盘完成: inverted-00000034.seg
[2m2026-08-30T07:55:28.328512Z[0m [32m INFO[0m [2mshanshui_cunji::column_family[0m[2m:[0m 列族 [primary] 刷盘完成: sst-00000007.sst (1001538 条)
[2m2026-08-30T07:55:29.175994Z[0m [32m INFO[0m [2mshanshui_cunji::inverted[0m[2m:[0m 倒排刷盘完成: inverted-00000035.seg
[2m2026-08-30T07:55:32.650845Z[0m [32m INFO[0m [2mshanshui_cunji::inverted[0m[2m:[0m 倒排刷盘完成: inverted-00000036.seg
[2m2026-08-30T07:55:37.250802Z[0m [32m INFO[0m [2mshanshui_cunji::inverted[0m[2m:[0m 倒排刷盘完成: inverted-00000037.seg
[2m2026-08-30T07:55:40.797039Z[0m [32m INFO[0m [2mshanshui_cunji::inverted[0m[2m:[0m 倒排刷盘完成: inverted-00000038.seg
[2m2026-08-30T07:55:44.241762Z[0m [32m INFO[0m [2mshanshui_cunji::inverted[0m[2m:[0m 倒排刷盘完成: inverted-00000039.seg
[2m2026-08-30T07:55:49.829840Z[0m [32m INFO[0m [2mshanshui_cunji::column_family[0m[2m:[0m 列族 [primary] 刷盘完成: sst-00000008.sst (1001538 条)
[2m2026-08-30T07:55:50.832536Z[0m [32m INFO[0m [2mshanshui_cunji::inverted[0m[2m:[0m 倒排刷盘完成: inverted-00000040.seg
[2m2026-08-30T07:55:54.366312Z[0m [32m INFO[0m [2mshanshui_cunji::inverted[0m[2m:[0m 倒排刷盘完成: inverted-00000041.seg
[2m2026-08-30T07:55:57.654013Z[0m [32m INFO[0m [2mshanshui_cunji::inverted[0m[2m:[0m 倒排刷盘完成: inverted-00000042.seg
[2m2026-08-30T07:56:01.171856Z[0m [32m INFO[0m [2mshanshui_cunji::inverted[0m[2m:[0m 倒排刷盘完成: inverted-00000043.seg
[2m2026-08-30T07:56:04.703325Z[0m [32m INFO[0m [2mshanshui_cunji::inverted[0m[2m:[0m 倒排刷盘完成: inverted-00000044.seg
[2m2026-08-30T07:56:10.019327Z[0m [32m INFO[0m [2mshanshui_cunji::column_family[0m[2m:[0m 列族 [primary] 刷盘完成: sst-00000009.sst (1001539 条)
[2m2026-08-30T07:56:11.197565Z[0m [32m INFO[0m [2mshanshui_cunji::inverted[0m[2m:[0m 倒排刷盘完成: inverted-00000045.seg
[2m2026-08-30T07:56:14.661638Z[0m [32m INFO[0m [2mshanshui_cunji::inverted[0m[2m:[0m 倒排刷盘完成: inverted-00000046.seg
[2m2026-08-30T07:56:17.919862Z[0m [32m INFO[0m [2mshanshui_cunji::inverted[0m[2m:[0m 倒排刷盘完成: inverted-00000047.seg
[2m2026-08-30T07:56:21.270156Z[0m [32m INFO[0m [2mshanshui_cunji::inverted[0m[2m:[0m 倒排刷盘完成: inverted-00000048.seg
[2m2026-08-30T07:56:24.785082Z[0m [32m INFO[0m [2mshanshui_cunji::inverted[0m[2m:[0m 倒排刷盘完成: inverted-00000049.seg
[2m2026-08-30T07:56:30.087577Z[0m [32m INFO[0m [2mshanshui_cunji::column_family[0m[2m:[0m 列族 [primary] 刷盘完成: sst-00000010.sst (1001230 条)
[2m2026-08-30T07:56:31.378760Z[0m [32m INFO[0m [2mshanshui_cunji::inverted[0m[2m:[0m 倒排刷盘完成: inverted-00000050.seg
[2m2026-08-30T07:56:35.054986Z[0m [32m INFO[0m [2mshanshui_cunji::inverted[0m[2m:[0m 倒排刷盘完成: inverted-00000051.seg
[2m2026-08-30T07:56:38.885452Z[0m [32m INFO[0m [2mshanshui_cunji::inverted[0m[2m:[0m 倒排刷盘完成: inverted-00000052.seg
[2m2026-08-30T07:56:42.442392Z[0m [32m INFO[0m [2mshanshui_cunji::inverted[0m[2m:[0m 倒排刷盘完成: inverted-00000053.seg
[2m2026-08-30T07:56:45.985078Z[0m [32m INFO[0m [2mshanshui_cunji::inverted[0m[2m:[0m 倒排刷盘完成: inverted-00000054.seg
[2m2026-08-30T07:56:50.743982Z[0m [32m INFO[0m [2mshanshui_cunji::column_family[0m[2m:[0m 列族 [primary] 刷盘完成: sst-00000011.sst (990452 条)
[2m2026-08-30T07:56:52.279739Z[0m [32m INFO[0m [2mshanshui_cunji::inverted[0m[2m:[0m 倒排刷盘完成: inverted-00000055.seg
[2m2026-08-30T07:56:56.434959Z[0m [32m INFO[0m [2mshanshui_cunji::inverted[0m[2m:[0m 倒排刷盘完成: inverted-00000056.seg
[2m2026-08-30T07:56:59.943695Z[0m [32m INFO[0m [2mshanshui_cunji::inverted[0m[2m:[0m 倒排刷盘完成: inverted-00000057.seg
[2m2026-08-30T07:57:03.889634Z[0m [32m INFO[0m [2mshanshui_cunji::inverted[0m[2m:[0m 倒排刷盘完成: inverted-00000058.seg
[2m2026-08-30T07:57:07.603070Z[0m [32m INFO[0m [2mshanshui_cunji::inverted[0m[2m:[0m 倒排刷盘完成: inverted-00000059.seg
[2m2026-08-30T07:57:12.151757Z[0m [32m INFO[0m [2mshanshui_cunji::column_family[0m[2m:[0m 列族 [primary] 刷盘完成: sst-00000012.sst (990452 条)
[2m2026-08-30T07:57:14.054091Z[0m [32m INFO[0m [2mshanshui_cunji::inverted[0m[2m:[0m 倒排刷盘完成: inverted-00000060.seg
[2m2026-08-30T07:57:17.461982Z[0m [32m INFO[0m [2mshanshui_cunji::inverted[0m[2m:[0m 倒排刷盘完成: inverted-00000061.seg
[2m2026-08-30T07:57:20.825451Z[0m [32m INFO[0m [2mshanshui_cunji::inverted[0m[2m:[0m 倒排刷盘完成: inverted-00000062.seg
[2m2026-08-30T07:57:24.383723Z[0m [32m INFO[0m [2mshanshui_cunji::inverted[0m[2m:[0m 倒排刷盘完成: inverted-00000063.seg
[2m2026-08-30T07:57:27.962817Z[0m [32m INFO[0m [2mshanshui_cunji::inverted[0m[2m:[0m 倒排刷盘完成: inverted-00000064.seg
[2m2026-08-30T07:57:32.273696Z[0m [32m INFO[0m [2mshanshui_cunji::column_family[0m[2m:[0m 列族 [primary] 刷盘完成: sst-00000013.sst (990452 条)
[2m2026-08-30T07:57:34.388863Z[0m [32m INFO[0m [2mshanshui_cunji::inverted[0m[2m:[0m 倒排刷盘完成: inverted-00000065.seg
[2m2026-08-30T07:57:38.181286Z[0m [32m INFO[0m [2mshanshui_cunji::inverted[0m[2m:[0m 倒排刷盘完成: inverted-00000066.seg
[2m2026-08-30T07:57:41.718647Z[0m [32m INFO[0m [2mshanshui_cunji::inverted[0m[2m:[0m 倒排刷盘完成: inverted-00000067.seg
[2m2026-08-30T07:57:45.635666Z[0m [32m INFO[0m [2mshanshui_cunji::inverted[0m[2m:[0m 倒排刷盘完成: inverted-00000068.seg
[2m2026-08-30T07:57:49.332930Z[0m [32m INFO[0m [2mshanshui_cunji::inverted[0m[2m:[0m 倒排刷盘完成: inverted-00000069.seg
[2m2026-08-30T07:57:53.620065Z[0m [32m INFO[0m [2mshanshui_cunji::column_family[0m[2m:[0m 列族 [primary] 刷盘完成: sst-00000014.sst (990452 条)
[2m2026-08-30T07:57:56.011912Z[0m [32m INFO[0m [2mshanshui_cunji::inverted[0m[2m:[0m 倒排刷盘完成: inverted-00000070.seg
[2m2026-08-30T07:57:59.544865Z[0m [32m INFO[0m [2mshanshui_cunji::inverted[0m[2m:[0m 倒排刷盘完成: inverted-00000071.seg
[2m2026-08-30T07:58:03.300429Z[0m [32m INFO[0m [2mshanshui_cunji::inverted[0m[2m:[0m 倒排刷盘完成: inverted-00000072.seg
[2m2026-08-30T07:58:06.837793Z[0m [32m INFO[0m [2mshanshui_cunji::inverted[0m[2m:[0m 倒排刷盘完成: inverted-00000073.seg
[2m2026-08-30T07:58:10.259321Z[0m [32m INFO[0m [2mshanshui_cunji::inverted[0m[2m:[0m 倒排刷盘完成: inverted-00000074.seg
[2m2026-08-30T07:58:13.979489Z[0m [32m INFO[0m [2mshanshui_cunji::column_family[0m[2m:[0m 列族 [primary] 刷盘完成: sst-00000015.sst (990452 条)
[2m2026-08-30T07:58:16.925910Z[0m [32m INFO[0m [2mshanshui_cunji::inverted[0m[2m:[0m 倒排刷盘完成: inverted-00000075.seg
[2m2026-08-30T07:58:20.940643Z[0m [32m INFO[0m [2mshanshui_cunji::inverted[0m[2m:[0m 倒排刷盘完成: inverted-00000076.seg
[2m2026-08-30T07:58:24.689778Z[0m [32m INFO[0m [2mshanshui_cunji::inverted[0m[2m:[0m 倒排刷盘完成: inverted-00000077.seg
[2m2026-08-30T07:58:28.756028Z[0m [32m INFO[0m [2mshanshui_cunji::inverted[0m[2m:[0m 倒排刷盘完成: inverted-00000078.seg
[2m2026-08-30T07:58:32.524882Z[0m [32m INFO[0m [2mshanshui_cunji::inverted[0m[2m:[0m 倒排刷盘完成: inverted-00000079.seg
[2m2026-08-30T07:58:36.157209Z[0m [32m INFO[0m [2mshanshui_cunji::column_family[0m[2m:[0m 列族 [primary] 刷盘完成: sst-00000016.sst (990452 条)
[2m2026-08-30T07:58:39.263314Z[0m [32m INFO[0m [2mshanshui_cunji::inverted[0m[2m:[0m 倒排刷盘完成: inverted-00000080.seg
[2m2026-08-30T07:58:42.970501Z[0m [32m INFO[0m [2mshanshui_cunji::inverted[0m[2m:[0m 倒排刷盘完成: inverted-00000081.seg
[2m2026-08-30T07:58:46.604122Z[0m [32m INFO[0m [2mshanshui_cunji::inverted[0m[2m:[0m 倒排刷盘完成: inverted-00000082.seg
[2m2026-08-30T07:58:50.257191Z[0m [32m INFO[0m [2mshanshui_cunji::inverted[0m[2m:[0m 倒排刷盘完成: inverted-00000083.seg
[2m2026-08-30T07:58:53.958710Z[0m [32m INFO[0m [2mshanshui_cunji::inverted[0m[2m:[0m 倒排刷盘完成: inverted-00000084.seg
[2m2026-08-30T07:58:57.242020Z[0m [32m INFO[0m [2mshanshui_cunji::column_family[0m[2m:[0m 列族 [primary] 刷盘完成: sst-00000017.sst (990452 条)
[2m2026-08-30T07:59:00.732878Z[0m [32m INFO[0m [2mshanshui_cunji::inverted[0m[2m:[0m 倒排刷盘完成: inverted-00000085.seg
[2m2026-08-30T07:59:04.504628Z[0m [32m INFO[0m [2mshanshui_cunji::inverted[0m[2m:[0m 倒排刷盘完成: inverted-00000086.seg
[2m2026-08-30T07:59:08.235768Z[0m [32m INFO[0m [2mshanshui_cunji::inverted[0m[2m:[0m 倒排刷盘完成: inverted-00000087.seg
[2m2026-08-30T07:59:11.896402Z[0m [32m INFO[0m [2mshanshui_cunji::inverted[0m[2m:[0m 倒排刷盘完成: inverted-00000088.seg
[2m2026-08-30T07:59:15.588789Z[0m [32m INFO[0m [2mshanshui_cunji::inverted[0m[2m:[0m 倒排刷盘完成: inverted-00000089.seg
[2m2026-08-30T07:59:18.670320Z[0m [32m INFO[0m [2mshanshui_cunji::column_family[0m[2m:[0m 列族 [primary] 刷盘完成: sst-00000018.sst (990452 条)
[2m2026-08-30T07:59:22.416126Z[0m [32m INFO[0m [2mshanshui_cunji::inverted[0m[2m:[0m 倒排刷盘完成: inverted-00000090.seg
[2m2026-08-30T07:59:26.189653Z[0m [32m INFO[0m [2mshanshui_cunji::inverted[0m[2m:[0m 倒排刷盘完成: inverted-00000091.seg
[2m2026-08-30T07:59:29.859366Z[0m [32m INFO[0m [2mshanshui_cunji::inverted[0m[2m:[0m 倒排刷盘完成: inverted-00000092.seg
[2m2026-08-30T07:59:33.528772Z[0m [32m INFO[0m [2mshanshui_cunji::inverted[0m[2m:[0m 倒排刷盘完成: inverted-00000093.seg
[2m2026-08-30T07:59:39.589980Z[0m [32m INFO[0m [2mshanshui_cunji::column_family[0m[2m:[0m 列族 [primary] 刷盘完成: sst-00000019.sst (990452 条)
[2m2026-08-30T07:59:40.227998Z[0m [32m INFO[0m [2mshanshui_cunji::inverted[0m[2m:[0m 倒排刷盘完成: inverted-00000094.seg
[2m2026-08-30T07:59:44.026763Z[0m [32m INFO[0m [2mshanshui_cunji::inverted[0m[2m:[0m 倒排刷盘完成: inverted-00000095.seg
[2m2026-08-30T07:59:47.703439Z[0m [32m INFO[0m [2mshanshui_cunji::inverted[0m[2m:[0m 倒排刷盘完成: inverted-00000096.seg
[2m2026-08-30T07:59:51.384360Z[0m [32m INFO[0m [2mshanshui_cunji::inverted[0m[2m:[0m 倒排刷盘完成: inverted-00000097.seg
[2m2026-08-30T07:59:55.143369Z[0m [32m INFO[0m [2mshanshui_cunji::inverted[0m[2m:[0m 倒排刷盘完成: inverted-00000098.seg
[2m2026-08-30T08:00:00.884524Z[0m [32m INFO[0m [2mshanshui_cunji::column_family[0m[2m:[0m 列族 [primary] 刷盘完成: sst-00000020.sst (990452 条)
[2m2026-08-30T08:00:01.799620Z[0m [32m INFO[0m [2mshanshui_cunji::inverted[0m[2m:[0m 倒排刷盘完成: inverted-00000099.seg
[2m2026-08-30T08:00:02.551971Z[0m [32m INFO[0m [2mshanshui_cunji::inverted[0m[2m:[0m 倒排刷盘完成: inverted-00000100.seg
[2m2026-08-30T08:00:38.910345Z[0m [32m INFO[0m [2mshanshui_cunji::inverted[0m[2m:[0m 倒排 GC 完成: 100 段合并为 1（释放 29129991 字节）
[2m2026-08-30T08:00:42.551349Z[0m [32m INFO[0m [2mshanshui_cunji::column_family[0m[2m:[0m 列族 [primary] 加载 0 个 SST，下一个 id=1
[2m2026-08-30T08:00:42.552948Z[0m [32m INFO[0m [2mshanshui_cunji::inverted[0m[2m:[0m 倒排索引打开: 0 个段，下一个 id=1
[2m2026-08-30T08:00:42.552967Z[0m [32m INFO[0m [2mshanshui_cunji::inverted[0m[2m:[0m FST 字典加载: 0/0 段
[2m2026-08-30T08:00:42.554318Z[0m [32m INFO[0m [2mshanshui_cunji::column_family[0m[2m:[0m 列族 [cidx] 加载 0 个 SST，下一个 id=1
[2m2026-08-30T08:00:42.555560Z[0m [32m INFO[0m [2mshanshui_cunji::column_family[0m[2m:[0m 列族 [delta] 加载 0 个 SST，下一个 id=1
[2m2026-08-30T08:00:58.656039Z[0m [32m INFO[0m [2mshanshui_cunji::column_family[0m[2m:[0m 列族 [primary] 刷盘完成: sst-00000001.sst (990452 条)
[2m2026-08-30T08:01:01.798250Z[0m [32m INFO[0m [2mshanshui_cunji::inverted[0m[2m:[0m 倒排刷盘完成: inverted-00000001.seg
[2m2026-08-30T08:01:21.607287Z[0m [32m INFO[0m [2mshanshui_cunji::column_family[0m[2m:[0m 列族 [cidx-demo] 加载 0 个 SST，下一个 id=1
[2m2026-08-30T08:01:41.139750Z[0m [32m INFO[0m [2mshanshui_cunji::column_family[0m[2m:[0m 列族 [primary] 加载 0 个 SST，下一个 id=1
[2m2026-08-30T08:01:41.140668Z[0m [32m INFO[0m [2mshanshui_cunji::inverted[0m[2m:[0m 倒排索引打开: 0 个段，下一个 id=1
[2m2026-08-30T08:01:41.140680Z[0m [32m INFO[0m [2mshanshui_cunji::inverted[0m[2m:[0m FST 字典加载: 0/0 段
[2m2026-08-30T08:01:41.141397Z[0m [32m INFO[0m [2mshanshui_cunji::column_family[0m[2m:[0m 列族 [cidx] 加载 0 个 SST，下一个 id=1
[2m2026-08-30T08:01:41.142829Z[0m [32m INFO[0m [2mshanshui_cunji::column_family[0m[2m:[0m 列族 [delta] 加载 0 个 SST，下一个 id=1
[2m2026-08-30T08:01:41.144345Z[0m [32m INFO[0m [2mshanshui_cunji::column_family[0m[2m:[0m 列族 [primary] 加载 0 个 SST，下一个 id=1
[2m2026-08-30T08:01:41.145764Z[0m [32m INFO[0m [2mshanshui_cunji::inverted[0m[2m:[0m 倒排索引打开: 0 个段，下一个 id=1
[2m2026-08-30T08:01:41.145775Z[0m [32m INFO[0m [2mshanshui_cunji::inverted[0m[2m:[0m FST 字典加载: 0/0 段
[2m2026-08-30T08:01:41.146569Z[0m [32m INFO[0m [2mshanshui_cunji::column_family[0m[2m:[0m 列族 [cidx] 加载 0 个 SST，下一个 id=1
[2m2026-08-30T08:01:41.148279Z[0m [32m INFO[0m [2mshanshui_cunji::column_family[0m[2m:[0m 列族 [delta] 加载 0 个 SST，下一个 id=1
[2m2026-08-30T08:01:41.150103Z[0m [32m INFO[0m [2mshanshui_cunji::column_family[0m[2m:[0m 列族 [primary] 加载 0 个 SST，下一个 id=1
[2m2026-08-30T08:01:41.151243Z[0m [32m INFO[0m [2mshanshui_cunji::inverted[0m[2m:[0m 倒排索引打开: 0 个段，下一个 id=1
[2m2026-08-30T08:01:41.151253Z[0m [32m INFO[0m [2mshanshui_cunji::inverted[0m[2m:[0m FST 字典加载: 0/0 段
[2m2026-08-30T08:01:41.151802Z[0m [32m INFO[0m [2mshanshui_cunji::column_family[0m[2m:[0m 列族 [cidx] 加载 0 个 SST，下一个 id=1
[2m2026-08-30T08:01:41.152974Z[0m [32m INFO[0m [2mshanshui_cunji::column_family[0m[2m:[0m 列族 [delta] 加载 0 个 SST，下一个 id=1
[2m2026-08-30T08:01:41.154646Z[0m [32m INFO[0m [2mshanshui_cunji::column_family[0m[2m:[0m 列族 [primary] 加载 0 个 SST，下一个 id=1
[2m2026-08-30T08:01:41.155751Z[0m [32m INFO[0m [2mshanshui_cunji::inverted[0m[2m:[0m 倒排索引打开: 0 个段，下一个 id=1
[2m2026-08-30T08:01:41.155761Z[0m [32m INFO[0m [2mshanshui_cunji::inverted[0m[2m:[0m FST 字典加载: 0/0 段
[2m2026-08-30T08:01:41.156319Z[0m [32m INFO[0m [2mshanshui_cunji::column_family[0m[2m:[0m 列族 [cidx] 加载 0 个 SST，下一个 id=1
[2m2026-08-30T08:01:41.157706Z[0m [32m INFO[0m [2mshanshui_cunji::column_family[0m[2m:[0m 列族 [delta] 加载 0 个 SST，下一个 id=1
[2m2026-08-30T08:02:02.478538Z[0m [32m INFO[0m [2mshanshui_cunji::column_family[0m[2m:[0m 列族 [primary] 刷盘完成: sst-00000021.sst (67970 条)
[2m2026-08-30T08:02:19.901309Z[0m [32m INFO[0m [2mshanshui_cunji::column_family[0m[2m:[0m 列族 [primary] 加载 21 个 SST，下一个 id=22
[2m2026-08-30T08:02:19.902494Z[0m [32m INFO[0m [2mshanshui_cunji::inverted[0m[2m:[0m 倒排索引打开: 1 个段，下一个 id=102
[2m2026-08-30T08:02:19.903628Z[0m [32m INFO[0m [2mshanshui_cunji::inverted[0m[2m:[0m FST 字典加载: 1/1 段
[2m2026-08-30T08:02:46.731641Z[0m [32m INFO[0m [2mshanshui_cunji::column_family[0m[2m:[0m 列族 [cidx] 加载 0 个 SST，下一个 id=1
[2m2026-08-30T08:02:46.732993Z[0m [32m INFO[0m [2mshanshui_cunji::column_family[0m[2m:[0m 列族 [delta] 加载 0 个 SST，下一个 id=1
功能               结果       耗时(ms)  说明
----------------------------------------------------------------------------------------------------
构造测试数据           ✅     169370.14  生成 20000000 条文档（status/city 倒排 + title/content/remark fulltext 分词；流式生成 100000 条耗时 847 ms）
批量插入             ✅     457180.76  写入 20000000 / 20000000 条，457181 ms（43746 条/s；WAL 攒批 + 定期倒排刷盘 + 段 GC 合并 100 旧段 → 1 段，释放 27 MB）（单条 avg 10.0 µs / max 3135599.2 µs）
批量插入             ✅      19286.73  独立引擎 put_batch 批量插入 1000000 条（10000 条/批 × 100 批，原子提交），双缓冲流水线（构造与提交重叠）端到端 19287 ms（51849 条/s）；纯 put_batch 提交 avg 152.4 ms / max 3071.0 ms；构造线程 13028 ms
查询 · 主键          ✅      18945.31  1000000 次主键点查，命中 1000000，未命中 0（稀疏索引→布隆→Zone Map→块缓存）（单条 avg 18.9 µs / max 21231.1 µs）
查询 · HotCache    ✅        825.62  1000000 次重复查询，HotCache 命中 1000000 / 1000000（写后回填 + 读后回填）（单条 avg 0.8 µs / max 1427.5 µs）
查询 · 组合索引        ✅        146.12  status=active 前缀扫描命中 100000 条（写入索引 100000 条）；10000 次前缀点查命中 3333 （单条 avg 0.3 µs / max 28.0 µs）
查询 · 倒排词条        ✅        598.75  city=beijing 命中 5000000 条（预期 5000000）；抽样回表 200000/200000 条验证；1000 次检索累计命中 6670000000 （单条 avg 278.5 µs / max 9699.8 µs）；10000 次 COUNT（内存位图）累计 66670000000 （单条 avg 0.2 µs / max 22.0 µs）
查询 · fulltext 分词 ✅       6101.21  1000 次分词检索（content 字段：中文 bigram / 英文整词，每次回表 ≤10），累计命中 6508619364 （单条 avg 6101.1 µs / max 1287427.1 µs）
查询 · 类 SQL       ✅      12685.12  1000 次等值 `status='active' AND city='beijing'`（倒排 AND 交集）（单条 avg 849.0 µs / max 4414.8 µs） + 100 次 `AND amount BETWEEN lo AND hi`（后过滤快路径）（单条 avg 1955.8 µs / max 96436.3 µs） + 100 次 `AND ts BETWEEN`（日期时间戳）（单条 avg 116394.6 µs / max 245513.2 µs），累计命中 50000+5000+5000
分片路由             ✅      18483.71  4 分片抽样 1000000 条分布：shard0=250000, shard1=250000, shard2=250000, shard3=250000（合计 1000000）；分片点查命中 1000000/1000000 （单条 avg 0.5 µs / max 231.5 µs）
删除               ✅       2469.54  删除 1000000 条并验证不可见（Tombstone 落盘 + HotCache 失效）：1000000/1000000 （单条 avg 2.4 µs / max 8415.6 µs）
优化器路由            ✅          0.00  静态路由 5 类访问路径自检通过（主键点查/范围/组合索引/倒排/全扫）
备份 · 还原          ✅      44832.51  备份 20000000 条库 → 还原重开：未删可读 45/45（缺失 0），已删仍不可见 5/5，city=beijing 计数 5000000（预期 5000000，含 tombstone）
----------------------------------------------------------------------------------------------------
总计：13/13 通过

📄 HTML 报告已生成: images\perf-0.6.0\2000万-B10k\report.html
