
═══ shanshui-cunji 0.6.0 功能冒烟测试（scale=20000000）═══

[2m2026-08-30T07:39:21.864929Z[0m [32m INFO[0m [2mshanshui_cunji::column_family[0m[2m:[0m 列族 [primary] 加载 0 个 SST，下一个 id=1
[2m2026-08-30T07:39:21.865986Z[0m [32m INFO[0m [2mshanshui_cunji::inverted[0m[2m:[0m 倒排索引打开: 0 个段，下一个 id=1
[2m2026-08-30T07:39:21.866003Z[0m [32m INFO[0m [2mshanshui_cunji::inverted[0m[2m:[0m FST 字典加载: 0/0 段
[2m2026-08-30T07:39:21.866662Z[0m [32m INFO[0m [2mshanshui_cunji::column_family[0m[2m:[0m 列族 [cidx] 加载 0 个 SST，下一个 id=1
[2m2026-08-30T07:39:21.867940Z[0m [32m INFO[0m [2mshanshui_cunji::column_family[0m[2m:[0m 列族 [delta] 加载 0 个 SST，下一个 id=1
[2m2026-08-30T07:39:25.408617Z[0m [32m INFO[0m [2mshanshui_cunji::inverted[0m[2m:[0m 倒排刷盘完成: inverted-00000001.seg
[2m2026-08-30T07:39:28.636677Z[0m [32m INFO[0m [2mshanshui_cunji::inverted[0m[2m:[0m 倒排刷盘完成: inverted-00000002.seg
[2m2026-08-30T07:39:32.023301Z[0m [32m INFO[0m [2mshanshui_cunji::inverted[0m[2m:[0m 倒排刷盘完成: inverted-00000003.seg
[2m2026-08-30T07:39:35.269110Z[0m [32m INFO[0m [2mshanshui_cunji::inverted[0m[2m:[0m 倒排刷盘完成: inverted-00000004.seg
[2m2026-08-30T07:39:38.666803Z[0m [32m INFO[0m [2mshanshui_cunji::inverted[0m[2m:[0m 倒排刷盘完成: inverted-00000005.seg
[2m2026-08-30T07:39:41.633707Z[0m [32m INFO[0m [2mshanshui_cunji::column_family[0m[2m:[0m 列族 [primary] 刷盘完成: sst-00000001.sst (1013975 条)
[2m2026-08-30T07:39:44.761170Z[0m [32m INFO[0m [2mshanshui_cunji::inverted[0m[2m:[0m 倒排刷盘完成: inverted-00000006.seg
[2m2026-08-30T07:39:47.938396Z[0m [32m INFO[0m [2mshanshui_cunji::inverted[0m[2m:[0m 倒排刷盘完成: inverted-00000007.seg
[2m2026-08-30T07:39:51.055264Z[0m [32m INFO[0m [2mshanshui_cunji::inverted[0m[2m:[0m 倒排刷盘完成: inverted-00000008.seg
[2m2026-08-30T07:39:54.248554Z[0m [32m INFO[0m [2mshanshui_cunji::inverted[0m[2m:[0m 倒排刷盘完成: inverted-00000009.seg
[2m2026-08-30T07:40:00.423793Z[0m [32m INFO[0m [2mshanshui_cunji::column_family[0m[2m:[0m 列族 [primary] 刷盘完成: sst-00000002.sst (1001538 条)
[2m2026-08-30T07:40:00.809325Z[0m [32m INFO[0m [2mshanshui_cunji::inverted[0m[2m:[0m 倒排刷盘完成: inverted-00000010.seg
[2m2026-08-30T07:40:04.219949Z[0m [32m INFO[0m [2mshanshui_cunji::inverted[0m[2m:[0m 倒排刷盘完成: inverted-00000011.seg
[2m2026-08-30T07:40:07.358941Z[0m [32m INFO[0m [2mshanshui_cunji::inverted[0m[2m:[0m 倒排刷盘完成: inverted-00000012.seg
[2m2026-08-30T07:40:10.435763Z[0m [32m INFO[0m [2mshanshui_cunji::inverted[0m[2m:[0m 倒排刷盘完成: inverted-00000013.seg
[2m2026-08-30T07:40:13.440791Z[0m [32m INFO[0m [2mshanshui_cunji::inverted[0m[2m:[0m 倒排刷盘完成: inverted-00000014.seg
[2m2026-08-30T07:40:18.699166Z[0m [32m INFO[0m [2mshanshui_cunji::column_family[0m[2m:[0m 列族 [primary] 刷盘完成: sst-00000003.sst (1001538 条)
[2m2026-08-30T07:40:19.157994Z[0m [32m INFO[0m [2mshanshui_cunji::inverted[0m[2m:[0m 倒排刷盘完成: inverted-00000015.seg
[2m2026-08-30T07:40:22.212325Z[0m [32m INFO[0m [2mshanshui_cunji::inverted[0m[2m:[0m 倒排刷盘完成: inverted-00000016.seg
[2m2026-08-30T07:40:25.186917Z[0m [32m INFO[0m [2mshanshui_cunji::inverted[0m[2m:[0m 倒排刷盘完成: inverted-00000017.seg
[2m2026-08-30T07:40:28.202737Z[0m [32m INFO[0m [2mshanshui_cunji::inverted[0m[2m:[0m 倒排刷盘完成: inverted-00000018.seg
[2m2026-08-30T07:40:31.698198Z[0m [32m INFO[0m [2mshanshui_cunji::inverted[0m[2m:[0m 倒排刷盘完成: inverted-00000019.seg
[2m2026-08-30T07:40:36.901352Z[0m [32m INFO[0m [2mshanshui_cunji::column_family[0m[2m:[0m 列族 [primary] 刷盘完成: sst-00000004.sst (1001538 条)
[2m2026-08-30T07:40:37.445058Z[0m [32m INFO[0m [2mshanshui_cunji::inverted[0m[2m:[0m 倒排刷盘完成: inverted-00000020.seg
[2m2026-08-30T07:40:40.578373Z[0m [32m INFO[0m [2mshanshui_cunji::inverted[0m[2m:[0m 倒排刷盘完成: inverted-00000021.seg
[2m2026-08-30T07:40:43.519626Z[0m [32m INFO[0m [2mshanshui_cunji::inverted[0m[2m:[0m 倒排刷盘完成: inverted-00000022.seg
[2m2026-08-30T07:40:46.613230Z[0m [32m INFO[0m [2mshanshui_cunji::inverted[0m[2m:[0m 倒排刷盘完成: inverted-00000023.seg
[2m2026-08-30T07:40:49.596956Z[0m [32m INFO[0m [2mshanshui_cunji::inverted[0m[2m:[0m 倒排刷盘完成: inverted-00000024.seg
[2m2026-08-30T07:40:54.725576Z[0m [32m INFO[0m [2mshanshui_cunji::column_family[0m[2m:[0m 列族 [primary] 刷盘完成: sst-00000005.sst (1001538 条)
[2m2026-08-30T07:40:55.355502Z[0m [32m INFO[0m [2mshanshui_cunji::inverted[0m[2m:[0m 倒排刷盘完成: inverted-00000025.seg
[2m2026-08-30T07:40:58.394634Z[0m [32m INFO[0m [2mshanshui_cunji::inverted[0m[2m:[0m 倒排刷盘完成: inverted-00000026.seg
[2m2026-08-30T07:41:01.368805Z[0m [32m INFO[0m [2mshanshui_cunji::inverted[0m[2m:[0m 倒排刷盘完成: inverted-00000027.seg
[2m2026-08-30T07:41:04.446141Z[0m [32m INFO[0m [2mshanshui_cunji::inverted[0m[2m:[0m 倒排刷盘完成: inverted-00000028.seg
[2m2026-08-30T07:41:07.592125Z[0m [32m INFO[0m [2mshanshui_cunji::inverted[0m[2m:[0m 倒排刷盘完成: inverted-00000029.seg
[2m2026-08-30T07:41:12.556124Z[0m [32m INFO[0m [2mshanshui_cunji::column_family[0m[2m:[0m 列族 [primary] 刷盘完成: sst-00000006.sst (1001538 条)
[2m2026-08-30T07:41:13.297000Z[0m [32m INFO[0m [2mshanshui_cunji::inverted[0m[2m:[0m 倒排刷盘完成: inverted-00000030.seg
[2m2026-08-30T07:41:16.350648Z[0m [32m INFO[0m [2mshanshui_cunji::inverted[0m[2m:[0m 倒排刷盘完成: inverted-00000031.seg
[2m2026-08-30T07:41:19.309001Z[0m [32m INFO[0m [2mshanshui_cunji::inverted[0m[2m:[0m 倒排刷盘完成: inverted-00000032.seg
[2m2026-08-30T07:41:22.300402Z[0m [32m INFO[0m [2mshanshui_cunji::inverted[0m[2m:[0m 倒排刷盘完成: inverted-00000033.seg
[2m2026-08-30T07:41:25.312783Z[0m [32m INFO[0m [2mshanshui_cunji::inverted[0m[2m:[0m 倒排刷盘完成: inverted-00000034.seg
[2m2026-08-30T07:41:30.155895Z[0m [32m INFO[0m [2mshanshui_cunji::column_family[0m[2m:[0m 列族 [primary] 刷盘完成: sst-00000007.sst (1001538 条)
[2m2026-08-30T07:41:31.002791Z[0m [32m INFO[0m [2mshanshui_cunji::inverted[0m[2m:[0m 倒排刷盘完成: inverted-00000035.seg
[2m2026-08-30T07:41:34.032890Z[0m [32m INFO[0m [2mshanshui_cunji::inverted[0m[2m:[0m 倒排刷盘完成: inverted-00000036.seg
[2m2026-08-30T07:41:38.035370Z[0m [32m INFO[0m [2mshanshui_cunji::inverted[0m[2m:[0m 倒排刷盘完成: inverted-00000037.seg
[2m2026-08-30T07:41:41.082918Z[0m [32m INFO[0m [2mshanshui_cunji::inverted[0m[2m:[0m 倒排刷盘完成: inverted-00000038.seg
[2m2026-08-30T07:41:44.116535Z[0m [32m INFO[0m [2mshanshui_cunji::inverted[0m[2m:[0m 倒排刷盘完成: inverted-00000039.seg
[2m2026-08-30T07:41:48.867586Z[0m [32m INFO[0m [2mshanshui_cunji::column_family[0m[2m:[0m 列族 [primary] 刷盘完成: sst-00000008.sst (1001538 条)
[2m2026-08-30T07:41:49.785074Z[0m [32m INFO[0m [2mshanshui_cunji::inverted[0m[2m:[0m 倒排刷盘完成: inverted-00000040.seg
[2m2026-08-30T07:41:52.767905Z[0m [32m INFO[0m [2mshanshui_cunji::inverted[0m[2m:[0m 倒排刷盘完成: inverted-00000041.seg
[2m2026-08-30T07:41:55.703402Z[0m [32m INFO[0m [2mshanshui_cunji::inverted[0m[2m:[0m 倒排刷盘完成: inverted-00000042.seg
[2m2026-08-30T07:41:58.792592Z[0m [32m INFO[0m [2mshanshui_cunji::inverted[0m[2m:[0m 倒排刷盘完成: inverted-00000043.seg
[2m2026-08-30T07:42:01.763363Z[0m [32m INFO[0m [2mshanshui_cunji::inverted[0m[2m:[0m 倒排刷盘完成: inverted-00000044.seg
[2m2026-08-30T07:42:06.543869Z[0m [32m INFO[0m [2mshanshui_cunji::column_family[0m[2m:[0m 列族 [primary] 刷盘完成: sst-00000009.sst (1001539 条)
[2m2026-08-30T07:42:07.606324Z[0m [32m INFO[0m [2mshanshui_cunji::inverted[0m[2m:[0m 倒排刷盘完成: inverted-00000045.seg
[2m2026-08-30T07:42:11.015749Z[0m [32m INFO[0m [2mshanshui_cunji::inverted[0m[2m:[0m 倒排刷盘完成: inverted-00000046.seg
[2m2026-08-30T07:42:14.421628Z[0m [32m INFO[0m [2mshanshui_cunji::inverted[0m[2m:[0m 倒排刷盘完成: inverted-00000047.seg
[2m2026-08-30T07:42:18.196021Z[0m [32m INFO[0m [2mshanshui_cunji::inverted[0m[2m:[0m 倒排刷盘完成: inverted-00000048.seg
[2m2026-08-30T07:42:21.716686Z[0m [32m INFO[0m [2mshanshui_cunji::inverted[0m[2m:[0m 倒排刷盘完成: inverted-00000049.seg
[2m2026-08-30T07:42:27.896102Z[0m [32m INFO[0m [2mshanshui_cunji::column_family[0m[2m:[0m 列族 [primary] 刷盘完成: sst-00000010.sst (1001230 条)
[2m2026-08-30T07:42:29.365823Z[0m [32m INFO[0m [2mshanshui_cunji::inverted[0m[2m:[0m 倒排刷盘完成: inverted-00000050.seg
[2m2026-08-30T07:42:33.507701Z[0m [32m INFO[0m [2mshanshui_cunji::inverted[0m[2m:[0m 倒排刷盘完成: inverted-00000051.seg
[2m2026-08-30T07:42:37.514267Z[0m [32m INFO[0m [2mshanshui_cunji::inverted[0m[2m:[0m 倒排刷盘完成: inverted-00000052.seg
[2m2026-08-30T07:42:41.397640Z[0m [32m INFO[0m [2mshanshui_cunji::inverted[0m[2m:[0m 倒排刷盘完成: inverted-00000053.seg
[2m2026-08-30T07:42:45.292235Z[0m [32m INFO[0m [2mshanshui_cunji::inverted[0m[2m:[0m 倒排刷盘完成: inverted-00000054.seg
[2m2026-08-30T07:42:50.638852Z[0m [32m INFO[0m [2mshanshui_cunji::column_family[0m[2m:[0m 列族 [primary] 刷盘完成: sst-00000011.sst (990452 条)
[2m2026-08-30T07:42:52.415232Z[0m [32m INFO[0m [2mshanshui_cunji::inverted[0m[2m:[0m 倒排刷盘完成: inverted-00000055.seg
[2m2026-08-30T07:42:56.342029Z[0m [32m INFO[0m [2mshanshui_cunji::inverted[0m[2m:[0m 倒排刷盘完成: inverted-00000056.seg
[2m2026-08-30T07:43:00.145065Z[0m [32m INFO[0m [2mshanshui_cunji::inverted[0m[2m:[0m 倒排刷盘完成: inverted-00000057.seg
[2m2026-08-30T07:43:04.071456Z[0m [32m INFO[0m [2mshanshui_cunji::inverted[0m[2m:[0m 倒排刷盘完成: inverted-00000058.seg
[2m2026-08-30T07:43:08.305883Z[0m [32m INFO[0m [2mshanshui_cunji::inverted[0m[2m:[0m 倒排刷盘完成: inverted-00000059.seg
[2m2026-08-30T07:43:13.491417Z[0m [32m INFO[0m [2mshanshui_cunji::column_family[0m[2m:[0m 列族 [primary] 刷盘完成: sst-00000012.sst (990452 条)
[2m2026-08-30T07:43:15.612660Z[0m [32m INFO[0m [2mshanshui_cunji::inverted[0m[2m:[0m 倒排刷盘完成: inverted-00000060.seg
[2m2026-08-30T07:43:19.659449Z[0m [32m INFO[0m [2mshanshui_cunji::inverted[0m[2m:[0m 倒排刷盘完成: inverted-00000061.seg
[2m2026-08-30T07:43:23.502536Z[0m [32m INFO[0m [2mshanshui_cunji::inverted[0m[2m:[0m 倒排刷盘完成: inverted-00000062.seg
[2m2026-08-30T07:43:27.512592Z[0m [32m INFO[0m [2mshanshui_cunji::inverted[0m[2m:[0m 倒排刷盘完成: inverted-00000063.seg
[2m2026-08-30T07:43:31.421891Z[0m [32m INFO[0m [2mshanshui_cunji::inverted[0m[2m:[0m 倒排刷盘完成: inverted-00000064.seg
[2m2026-08-30T07:43:36.189211Z[0m [32m INFO[0m [2mshanshui_cunji::column_family[0m[2m:[0m 列族 [primary] 刷盘完成: sst-00000013.sst (990452 条)
[2m2026-08-30T07:43:38.594759Z[0m [32m INFO[0m [2mshanshui_cunji::inverted[0m[2m:[0m 倒排刷盘完成: inverted-00000065.seg
[2m2026-08-30T07:43:42.578045Z[0m [32m INFO[0m [2mshanshui_cunji::inverted[0m[2m:[0m 倒排刷盘完成: inverted-00000066.seg
[2m2026-08-30T07:43:46.477402Z[0m [32m INFO[0m [2mshanshui_cunji::inverted[0m[2m:[0m 倒排刷盘完成: inverted-00000067.seg
[2m2026-08-30T07:43:50.655660Z[0m [32m INFO[0m [2mshanshui_cunji::inverted[0m[2m:[0m 倒排刷盘完成: inverted-00000068.seg
[2m2026-08-30T07:43:54.906915Z[0m [32m INFO[0m [2mshanshui_cunji::inverted[0m[2m:[0m 倒排刷盘完成: inverted-00000069.seg
[2m2026-08-30T07:43:59.570308Z[0m [32m INFO[0m [2mshanshui_cunji::column_family[0m[2m:[0m 列族 [primary] 刷盘完成: sst-00000014.sst (990452 条)
[2m2026-08-30T07:44:02.504045Z[0m [32m INFO[0m [2mshanshui_cunji::inverted[0m[2m:[0m 倒排刷盘完成: inverted-00000070.seg
[2m2026-08-30T07:44:06.957713Z[0m [32m INFO[0m [2mshanshui_cunji::inverted[0m[2m:[0m 倒排刷盘完成: inverted-00000071.seg
[2m2026-08-30T07:44:11.202919Z[0m [32m INFO[0m [2mshanshui_cunji::inverted[0m[2m:[0m 倒排刷盘完成: inverted-00000072.seg
[2m2026-08-30T07:44:15.335074Z[0m [32m INFO[0m [2mshanshui_cunji::inverted[0m[2m:[0m 倒排刷盘完成: inverted-00000073.seg
[2m2026-08-30T07:44:19.085988Z[0m [32m INFO[0m [2mshanshui_cunji::inverted[0m[2m:[0m 倒排刷盘完成: inverted-00000074.seg
[2m2026-08-30T07:44:23.128629Z[0m [32m INFO[0m [2mshanshui_cunji::column_family[0m[2m:[0m 列族 [primary] 刷盘完成: sst-00000015.sst (990452 条)
[2m2026-08-30T07:44:26.289385Z[0m [32m INFO[0m [2mshanshui_cunji::inverted[0m[2m:[0m 倒排刷盘完成: inverted-00000075.seg
[2m2026-08-30T07:44:30.731127Z[0m [32m INFO[0m [2mshanshui_cunji::inverted[0m[2m:[0m 倒排刷盘完成: inverted-00000076.seg
[2m2026-08-30T07:44:34.921354Z[0m [32m INFO[0m [2mshanshui_cunji::inverted[0m[2m:[0m 倒排刷盘完成: inverted-00000077.seg
[2m2026-08-30T07:44:38.836308Z[0m [32m INFO[0m [2mshanshui_cunji::inverted[0m[2m:[0m 倒排刷盘完成: inverted-00000078.seg
[2m2026-08-30T07:44:42.864755Z[0m [32m INFO[0m [2mshanshui_cunji::inverted[0m[2m:[0m 倒排刷盘完成: inverted-00000079.seg
[2m2026-08-30T07:44:46.526873Z[0m [32m INFO[0m [2mshanshui_cunji::column_family[0m[2m:[0m 列族 [primary] 刷盘完成: sst-00000016.sst (990452 条)
[2m2026-08-30T07:44:49.833824Z[0m [32m INFO[0m [2mshanshui_cunji::inverted[0m[2m:[0m 倒排刷盘完成: inverted-00000080.seg
[2m2026-08-30T07:44:53.755095Z[0m [32m INFO[0m [2mshanshui_cunji::inverted[0m[2m:[0m 倒排刷盘完成: inverted-00000081.seg
[2m2026-08-30T07:44:57.772598Z[0m [32m INFO[0m [2mshanshui_cunji::inverted[0m[2m:[0m 倒排刷盘完成: inverted-00000082.seg
[2m2026-08-30T07:45:01.655225Z[0m [32m INFO[0m [2mshanshui_cunji::inverted[0m[2m:[0m 倒排刷盘完成: inverted-00000083.seg
[2m2026-08-30T07:45:05.808696Z[0m [32m INFO[0m [2mshanshui_cunji::inverted[0m[2m:[0m 倒排刷盘完成: inverted-00000084.seg
[2m2026-08-30T07:45:09.303484Z[0m [32m INFO[0m [2mshanshui_cunji::column_family[0m[2m:[0m 列族 [primary] 刷盘完成: sst-00000017.sst (990452 条)
[2m2026-08-30T07:45:13.505376Z[0m [32m INFO[0m [2mshanshui_cunji::inverted[0m[2m:[0m 倒排刷盘完成: inverted-00000085.seg
[2m2026-08-30T07:45:17.518937Z[0m [32m INFO[0m [2mshanshui_cunji::inverted[0m[2m:[0m 倒排刷盘完成: inverted-00000086.seg
[2m2026-08-30T07:45:21.396981Z[0m [32m INFO[0m [2mshanshui_cunji::inverted[0m[2m:[0m 倒排刷盘完成: inverted-00000087.seg
[2m2026-08-30T07:45:25.804283Z[0m [32m INFO[0m [2mshanshui_cunji::inverted[0m[2m:[0m 倒排刷盘完成: inverted-00000088.seg
[2m2026-08-30T07:45:29.750543Z[0m [32m INFO[0m [2mshanshui_cunji::inverted[0m[2m:[0m 倒排刷盘完成: inverted-00000089.seg
[2m2026-08-30T07:45:33.153270Z[0m [32m INFO[0m [2mshanshui_cunji::column_family[0m[2m:[0m 列族 [primary] 刷盘完成: sst-00000018.sst (990452 条)
[2m2026-08-30T07:45:37.528268Z[0m [32m INFO[0m [2mshanshui_cunji::inverted[0m[2m:[0m 倒排刷盘完成: inverted-00000090.seg
[2m2026-08-30T07:45:41.840926Z[0m [32m INFO[0m [2mshanshui_cunji::inverted[0m[2m:[0m 倒排刷盘完成: inverted-00000091.seg
[2m2026-08-30T07:45:46.069019Z[0m [32m INFO[0m [2mshanshui_cunji::inverted[0m[2m:[0m 倒排刷盘完成: inverted-00000092.seg
[2m2026-08-30T07:45:50.066409Z[0m [32m INFO[0m [2mshanshui_cunji::inverted[0m[2m:[0m 倒排刷盘完成: inverted-00000093.seg
[2m2026-08-30T07:45:56.708446Z[0m [32m INFO[0m [2mshanshui_cunji::column_family[0m[2m:[0m 列族 [primary] 刷盘完成: sst-00000019.sst (990452 条)
[2m2026-08-30T07:45:57.654647Z[0m [32m INFO[0m [2mshanshui_cunji::inverted[0m[2m:[0m 倒排刷盘完成: inverted-00000094.seg
[2m2026-08-30T07:46:02.049358Z[0m [32m INFO[0m [2mshanshui_cunji::inverted[0m[2m:[0m 倒排刷盘完成: inverted-00000095.seg
[2m2026-08-30T07:46:06.418952Z[0m [32m INFO[0m [2mshanshui_cunji::inverted[0m[2m:[0m 倒排刷盘完成: inverted-00000096.seg
[2m2026-08-30T07:46:10.416130Z[0m [32m INFO[0m [2mshanshui_cunji::inverted[0m[2m:[0m 倒排刷盘完成: inverted-00000097.seg
[2m2026-08-30T07:46:14.360200Z[0m [32m INFO[0m [2mshanshui_cunji::inverted[0m[2m:[0m 倒排刷盘完成: inverted-00000098.seg
[2m2026-08-30T07:46:20.103566Z[0m [32m INFO[0m [2mshanshui_cunji::column_family[0m[2m:[0m 列族 [primary] 刷盘完成: sst-00000020.sst (990452 条)
[2m2026-08-30T07:46:21.091156Z[0m [32m INFO[0m [2mshanshui_cunji::inverted[0m[2m:[0m 倒排刷盘完成: inverted-00000099.seg
[2m2026-08-30T07:46:21.844150Z[0m [32m INFO[0m [2mshanshui_cunji::inverted[0m[2m:[0m 倒排刷盘完成: inverted-00000100.seg
[2m2026-08-30T07:46:59.056824Z[0m [32m INFO[0m [2mshanshui_cunji::inverted[0m[2m:[0m 倒排 GC 完成: 100 段合并为 1（释放 29129991 字节）
[2m2026-08-30T07:47:03.440639Z[0m [32m INFO[0m [2mshanshui_cunji::column_family[0m[2m:[0m 列族 [primary] 加载 0 个 SST，下一个 id=1
[2m2026-08-30T07:47:03.442125Z[0m [32m INFO[0m [2mshanshui_cunji::inverted[0m[2m:[0m 倒排索引打开: 0 个段，下一个 id=1
[2m2026-08-30T07:47:03.442142Z[0m [32m INFO[0m [2mshanshui_cunji::inverted[0m[2m:[0m FST 字典加载: 0/0 段
[2m2026-08-30T07:47:03.443176Z[0m [32m INFO[0m [2mshanshui_cunji::column_family[0m[2m:[0m 列族 [cidx] 加载 0 个 SST，下一个 id=1
[2m2026-08-30T07:47:03.444560Z[0m [32m INFO[0m [2mshanshui_cunji::column_family[0m[2m:[0m 列族 [delta] 加载 0 个 SST，下一个 id=1
[2m2026-08-30T07:47:23.743536Z[0m [32m INFO[0m [2mshanshui_cunji::column_family[0m[2m:[0m 列族 [primary] 刷盘完成: sst-00000001.sst (990452 条)
[2m2026-08-30T07:47:27.535248Z[0m [32m INFO[0m [2mshanshui_cunji::inverted[0m[2m:[0m 倒排刷盘完成: inverted-00000001.seg
[2m2026-08-30T07:47:58.381083Z[0m [32m INFO[0m [2mshanshui_cunji::column_family[0m[2m:[0m 列族 [cidx-demo] 加载 0 个 SST，下一个 id=1
[2m2026-08-30T07:48:21.667850Z[0m [32m INFO[0m [2mshanshui_cunji::column_family[0m[2m:[0m 列族 [primary] 加载 0 个 SST，下一个 id=1
[2m2026-08-30T07:48:21.668875Z[0m [32m INFO[0m [2mshanshui_cunji::inverted[0m[2m:[0m 倒排索引打开: 0 个段，下一个 id=1
[2m2026-08-30T07:48:21.668887Z[0m [32m INFO[0m [2mshanshui_cunji::inverted[0m[2m:[0m FST 字典加载: 0/0 段
[2m2026-08-30T07:48:21.669589Z[0m [32m INFO[0m [2mshanshui_cunji::column_family[0m[2m:[0m 列族 [cidx] 加载 0 个 SST，下一个 id=1
[2m2026-08-30T07:48:21.671240Z[0m [32m INFO[0m [2mshanshui_cunji::column_family[0m[2m:[0m 列族 [delta] 加载 0 个 SST，下一个 id=1
[2m2026-08-30T07:48:21.673160Z[0m [32m INFO[0m [2mshanshui_cunji::column_family[0m[2m:[0m 列族 [primary] 加载 0 个 SST，下一个 id=1
[2m2026-08-30T07:48:21.674248Z[0m [32m INFO[0m [2mshanshui_cunji::inverted[0m[2m:[0m 倒排索引打开: 0 个段，下一个 id=1
[2m2026-08-30T07:48:21.674261Z[0m [32m INFO[0m [2mshanshui_cunji::inverted[0m[2m:[0m FST 字典加载: 0/0 段
[2m2026-08-30T07:48:21.675115Z[0m [32m INFO[0m [2mshanshui_cunji::column_family[0m[2m:[0m 列族 [cidx] 加载 0 个 SST，下一个 id=1
[2m2026-08-30T07:48:21.676581Z[0m [32m INFO[0m [2mshanshui_cunji::column_family[0m[2m:[0m 列族 [delta] 加载 0 个 SST，下一个 id=1
[2m2026-08-30T07:48:21.678446Z[0m [32m INFO[0m [2mshanshui_cunji::column_family[0m[2m:[0m 列族 [primary] 加载 0 个 SST，下一个 id=1
[2m2026-08-30T07:48:21.679873Z[0m [32m INFO[0m [2mshanshui_cunji::inverted[0m[2m:[0m 倒排索引打开: 0 个段，下一个 id=1
[2m2026-08-30T07:48:21.679889Z[0m [32m INFO[0m [2mshanshui_cunji::inverted[0m[2m:[0m FST 字典加载: 0/0 段
[2m2026-08-30T07:48:21.680691Z[0m [32m INFO[0m [2mshanshui_cunji::column_family[0m[2m:[0m 列族 [cidx] 加载 0 个 SST，下一个 id=1
[2m2026-08-30T07:48:21.682514Z[0m [32m INFO[0m [2mshanshui_cunji::column_family[0m[2m:[0m 列族 [delta] 加载 0 个 SST，下一个 id=1
[2m2026-08-30T07:48:21.684340Z[0m [32m INFO[0m [2mshanshui_cunji::column_family[0m[2m:[0m 列族 [primary] 加载 0 个 SST，下一个 id=1
[2m2026-08-30T07:48:21.685484Z[0m [32m INFO[0m [2mshanshui_cunji::inverted[0m[2m:[0m 倒排索引打开: 0 个段，下一个 id=1
[2m2026-08-30T07:48:21.685501Z[0m [32m INFO[0m [2mshanshui_cunji::inverted[0m[2m:[0m FST 字典加载: 0/0 段
[2m2026-08-30T07:48:21.686164Z[0m [32m INFO[0m [2mshanshui_cunji::column_family[0m[2m:[0m 列族 [cidx] 加载 0 个 SST，下一个 id=1
[2m2026-08-30T07:48:21.688067Z[0m [32m INFO[0m [2mshanshui_cunji::column_family[0m[2m:[0m 列族 [delta] 加载 0 个 SST，下一个 id=1
[2m2026-08-30T07:48:46.080896Z[0m [32m INFO[0m [2mshanshui_cunji::column_family[0m[2m:[0m 列族 [primary] 刷盘完成: sst-00000021.sst (67970 条)
[2m2026-08-30T07:49:05.450174Z[0m [32m INFO[0m [2mshanshui_cunji::column_family[0m[2m:[0m 列族 [primary] 加载 21 个 SST，下一个 id=22
[2m2026-08-30T07:49:05.451328Z[0m [32m INFO[0m [2mshanshui_cunji::inverted[0m[2m:[0m 倒排索引打开: 1 个段，下一个 id=102
[2m2026-08-30T07:49:05.451506Z[0m [32m INFO[0m [2mshanshui_cunji::inverted[0m[2m:[0m FST 字典加载: 1/1 段
[2m2026-08-30T07:49:37.114578Z[0m [32m INFO[0m [2mshanshui_cunji::column_family[0m[2m:[0m 列族 [cidx] 加载 0 个 SST，下一个 id=1
[2m2026-08-30T07:49:37.116438Z[0m [32m INFO[0m [2mshanshui_cunji::column_family[0m[2m:[0m 列族 [delta] 加载 0 个 SST，下一个 id=1
功能               结果       耗时(ms)  说明
----------------------------------------------------------------------------------------------------
构造测试数据           ✅     153910.70  生成 20000000 条文档（status/city 倒排 + title/content/remark fulltext 分词；流式生成 100000 条耗时 770 ms）
批量插入             ✅     461568.35  写入 20000000 / 20000000 条，461568 ms（43331 条/s；WAL 攒批 + 定期倒排刷盘 + 段 GC 合并 100 旧段 → 1 段，释放 27 MB）（单条 avg 10.2 µs / max 3694772.8 µs）
批量插入             ✅      24132.10  独立引擎 put_batch 批量插入 1000000 条（5000 条/批 × 200 批，原子提交），双缓冲流水线（构造与提交重叠）端到端 24132 ms（41439 条/s）；纯 put_batch 提交 avg 97.5 ms / max 3086.0 ms；构造线程 17273 ms
查询 · 主键          ✅      29844.81  1000000 次主键点查，命中 1000000，未命中 0（稀疏索引→布隆→Zone Map→块缓存）（单条 avg 29.8 µs / max 50833.0 µs）
查询 · HotCache    ✅        965.84  1000000 次重复查询，HotCache 命中 1000000 / 1000000（写后回填 + 读后回填）（单条 avg 0.9 µs / max 9011.4 µs）
查询 · 组合索引        ✅        152.78  status=active 前缀扫描命中 100000 条（写入索引 100000 条）；10000 次前缀点查命中 3333 （单条 avg 0.3 µs / max 14.5 µs）
查询 · 倒排词条        ✅        647.48  city=beijing 命中 5000000 条（预期 5000000）；抽样回表 200000/200000 条验证；1000 次检索累计命中 6670000000 （单条 avg 368.1 µs / max 10567.5 µs）；10000 次 COUNT（内存位图）累计 66670000000 （单条 avg 0.3 µs / max 2.1 µs）
查询 · fulltext 分词 ✅       7158.09  1000 次分词检索（content 字段：中文 bigram / 英文整词，每次回表 ≤10），累计命中 6508619364 （单条 avg 7157.9 µs / max 1558211.5 µs）
查询 · 类 SQL       ✅      15327.22  1000 次等值 `status='active' AND city='beijing'`（倒排 AND 交集）（单条 avg 1161.5 µs / max 97530.6 µs） + 100 次 `AND amount BETWEEN lo AND hi`（后过滤快路径）（单条 avg 1323.3 µs / max 3509.2 µs） + 100 次 `AND ts BETWEEN`（日期时间戳）（单条 avg 140325.8 µs / max 254800.7 µs），累计命中 50000+5000+5000
分片路由             ✅      19915.76  4 分片抽样 1000000 条分布：shard0=250000, shard1=250000, shard2=250000, shard3=250000（合计 1000000）；分片点查命中 1000000/1000000 （单条 avg 0.6 µs / max 789.2 µs）
删除               ✅       3820.23  删除 1000000 条并验证不可见（Tombstone 落盘 + HotCache 失效）：1000000/1000000 （单条 avg 3.8 µs / max 7895.0 µs）
优化器路由            ✅          0.00  静态路由 5 类访问路径自检通过（主键点查/范围/组合索引/倒排/全扫）
备份 · 还原          ✅      51949.74  备份 20000000 条库 → 还原重开：未删可读 45/45（缺失 0），已删仍不可见 5/5，city=beijing 计数 5000000（预期 5000000，含 tombstone）
----------------------------------------------------------------------------------------------------
总计：13/13 通过

📄 HTML 报告已生成: images\perf-0.6.0\2000万-Pipe\report.html
